// Jest Snapshot v1, https://goo.gl/fbAQLP

exports[`<Content /> with no props should match the snapshot 1`] = `"<div class=\\"container\\"><input type=\\"search\\" placeholder=\\"Search here..\\" value=\\"\\"/><img src=\\"sort.svg\\" alt=\\"\\" style=\\"height:1.4rem;margin-left:10px;cursor:pointer\\"/><table class=\\"table table-responsive-sm\\"><thead><tr><th scope=\\"col\\">Project</th><th scope=\\"col\\">Description </th><th scope=\\"col\\">Start Date</th><th scope=\\"col\\">Category</th><th scope=\\"col\\">Responsible</th><th scope=\\"col\\">Savings Amount</th><th scope=\\"col\\">Currency</th><th scope=\\"col\\">Complexity</th></tr></thead><tbody></tbody></table></div>"`;
